id: aliyun:alicloud:alicloud_vpc:alicloud_vpc
type: Terraform
attributes:
  cidr_block: 172.16.0.0/12
  name: alicloud_vpc
extensions:
  provider: registry.terraform.io/aliyun/alicloud/1.153.0
  resourceType: alicloud_vpc
  providerMeta:
    region: cn-beijing
---
id: aliyun:alicloud:alicloud_vswitch:alicloud_vswitch
type: Terraform
attributes:
  availability_zone: cn-beijing-a
  cidr_block: 172.16.0.0/21
  name: alicloud_vswitch
  vpc_id: $kusion_path.aliyun:alicloud:alicloud_vpc:alicloud_vpc.id
extensions:
  provider: registry.terraform.io/aliyun/alicloud/1.153.0
  resourceType: alicloud_vswitch
  providerMeta:
    region: cn-beijing
---
id: aliyun:alicloud:alicloud_cs_managed_kubernetes:kusion-ack
type: Terraform
attributes:
  cluster_spec: ack.pro.small
  name: kusion-ack
  pod_cidr: 10.10.0.0/16
  service_cidr: 192.168.0.0/16
  slb_internet_enabled: true
  version: 1.24.6-aliyun.1
  worker_vswitch_ids:
  - $kusion_path.aliyun:alicloud:alicloud_vswitch:alicloud_vswitch.id
extensions:
  provider: registry.terraform.io/aliyun/alicloud/1.153.0
  resourceType: alicloud_cs_managed_kubernetes
  providerMeta:
    region: cn-beijing
